
===================== FROZEN (as the run wrote it) =====================

  [naive]  candidate=None  bootstrap_rule=None  robustness=None
   end  pairs   int delta   ext delta              ext 95% CI   cand   boot
    16      0          --          --                      --  False  False
    24      0          --          --                      --  False  False
    32      0          --          --                      --  False  False
    40      0          --          --                      --  False  False

  [rfo_gold]  candidate=None  bootstrap_rule=None  robustness=None
   end  pairs   int delta   ext delta              ext 95% CI   cand   boot
    16      0          --          --                      --  False  False
    24      0          --          --                      --  False  False
    32      0          --          --                      --  False  False
    40      0          --          --                      --  False  False

===================== REPAIRED JOIN =====================

  [naive]  candidate=16  bootstrap_rule=None  robustness=None
   end  pairs   int delta   ext delta              ext 95% CI   cand   boot
    16     48          --     +0.0156      [-0.0104, +0.0417]   True  False
    24     45          --     +0.0056      [-0.0222, +0.0333]  False  False
    32     49          --     +0.0051      [-0.0204, +0.0306]  False  False
    40     44          --     -0.0057      [-0.0284, +0.0114]   True  False

  [rfo_gold]  candidate=16  bootstrap_rule=None  robustness=None
   end  pairs   int delta   ext delta              ext 95% CI   cand   boot
    16     45          --     +0.0056      [-0.0278, +0.0389]   True  False
    24     45          --     -0.0111      [-0.0444, +0.0222]  False  False
    32     46          --     +0.0109      [-0.0163, +0.0380]   True  False
    40     47          --     +0.0160      [-0.0213, +0.0585]   True  False
