2026-09-05 21:32:59 naive.step-00024.gradient
2026-09-05 21:45:15 rfo_gold.step-00024.generate
2026-09-05 22:09:48 rfo_gold.step-00024.detect.qwen3vl
2026-09-05 22:26:39 rfo_gold.step-00024.detect.internvl
2026-09-05 22:41:36 rfo_gold.step-00024.crop
2026-09-05 22:44:16 rfo_gold.step-00024.verify
2026-09-05 22:44:17 rfo_gold.step-00024.gradient
2026-09-05 22:50:10 step-00024.score
2026-09-05 22:50:22 step-00024.report
2026-09-05 22:50:25 step-00024.gradient-sensitivity
2026-09-05 22:50:27 step-00024.plot
2026-09-05 22:50:39 round-003.train
2026-09-06 00:35:31 naive.step-00032.generate
2026-09-06 00:58:44 naive.step-00032.detect.qwen3vl
2026-09-06 01:03:32 naive.step-00032.detect.internvl
2026-09-06 01:08:14 naive.step-00032.crop
2026-09-06 01:09:29 naive.step-00032.verify
2026-09-06 01:09:29 naive.step-00032.gradient
2026-09-06 01:13:28 rfo_gold.step-00032.generate
2026-09-06 01:34:58 rfo_gold.step-00032.detect.qwen3vl
2026-09-06 01:41:07 rfo_gold.step-00032.detect.internvl
2026-09-06 01:47:01 rfo_gold.step-00032.crop
2026-09-06 01:48:14 rfo_gold.step-00032.verify
2026-09-06 01:48:15 rfo_gold.step-00032.gradient
